[debug] [2026-10-06T15:03:19.488Z] ----------------------------------------------------------------------
[debug] [2026-10-06T15:03:19.492Z] Command:       C:\Program Files\nodejs\node.exe C:\Users\pc\AppData\Roaming\npm\node_modules\firebase-tools\lib\bin\firebase.js deploy --only hosting --non-interactive
[debug] [2026-10-06T15:03:19.492Z] CLI Version:   15.32.1
[debug] [2026-10-06T15:03:19.492Z] Platform:      win32
[debug] [2026-10-06T15:03:19.493Z] Node Version:  v24.19.0
[debug] [2026-10-06T15:03:19.493Z] Detected Agent: antigravity
[debug] [2026-10-06T15:03:19.493Z] Time:          Tue Oct 06 2026 20:33:19 GMT+0530 (India Standard Time)
[debug] [2026-10-06T15:03:19.493Z] ----------------------------------------------------------------------
[debug] 
[debug] [2026-10-06T15:03:19.517Z] >>> [apiv2][query] GET https://firebase-public.firebaseio.com/cli.json [none]
[debug] [2026-10-06T15:03:39.465Z] > command requires scopes: ["email","openid","https://www.googleapis.com/auth/cloudplatformprojects.readonly","https://www.googleapis.com/auth/firebase","https://www.googleapis.com/auth/cloud-platform"]
[debug] [2026-10-06T15:03:39.465Z] > authorizing via signed-in user (nirmalasawarkar59@gmail.com)
[debug] [2026-10-06T15:03:39.465Z] [iam] checking project photos-mvp for permissions ["firebase.projects.get","firebasehosting.sites.update"]
[debug] [2026-10-06T15:03:39.467Z] Checked if tokens are valid: false, expires at: 1791266254106
[debug] [2026-10-06T15:03:39.467Z] Checked if tokens are valid: false, expires at: 1791266254106
[debug] [2026-10-06T15:03:39.467Z] > refreshing access token with scopes: []
[debug] [2026-10-06T15:03:39.469Z] >>> [apiv2][query] POST https://www.googleapis.com/oauth2/v3/token [none]
[debug] [2026-10-06T15:03:39.469Z] >>> [apiv2][body] POST https://www.googleapis.com/oauth2/v3/token [omitted]
[debug] [2026-10-06T15:03:39.802Z] <<< [apiv2][status] POST https://www.googleapis.com/oauth2/v3/token 200
[debug] [2026-10-06T15:03:39.803Z] <<< [apiv2][body] POST https://www.googleapis.com/oauth2/v3/token [omitted]
[debug] [2026-10-06T15:03:39.824Z] >>> [apiv2][query] POST https://cloudresourcemanager.googleapis.com/v1/projects/photos-mvp:testIamPermissions [none]
[debug] [2026-10-06T15:03:39.825Z] >>> [apiv2][(partial)header] POST https://cloudresourcemanager.googleapis.com/v1/projects/photos-mvp:testIamPermissions  x-goog-user-project=photos-mvp
[debug] [2026-10-06T15:03:39.825Z] >>> [apiv2][body] POST https://cloudresourcemanager.googleapis.com/v1/projects/photos-mvp:testIamPermissions {"permissions":["firebase.projects.get","firebasehosting.sites.update"]}
[debug] [2026-10-06T15:03:41.083Z] <<< [apiv2][status] GET https://firebase-public.firebaseio.com/cli.json 200
[debug] [2026-10-06T15:03:41.084Z] <<< [apiv2][body] GET https://firebase-public.firebaseio.com/cli.json {"cloudBuildErrorAfter":1594252800000,"cloudBuildWarnAfter":1590019200000,"defaultNode10After":1594252800000,"minVersion":"3.0.5","node8DeploysDisabledAfter":1613390400000,"node8RuntimeDisabledAfter":1615809600000,"node8WarnAfter":1600128000000}
[debug] [2026-10-06T15:19:00.726Z] ----------------------------------------------------------------------
[debug] [2026-10-06T15:19:00.729Z] Command:       C:\Program Files\nodejs\node.exe C:\Users\pc\AppData\Roaming\npm\node_modules\firebase-tools\lib\bin\firebase.js deploy --only hosting
[debug] [2026-10-06T15:19:00.730Z] CLI Version:   15.32.1
[debug] [2026-10-06T15:19:00.730Z] Platform:      win32
[debug] [2026-10-06T15:19:00.730Z] Node Version:  v24.19.0
[debug] [2026-10-06T15:19:00.730Z] Detected Agent: unknown
[debug] [2026-10-06T15:19:00.730Z] Time:          Tue Oct 06 2026 20:49:00 GMT+0530 (India Standard Time)
[debug] [2026-10-06T15:19:00.730Z] ----------------------------------------------------------------------
[debug] 
[debug] [2026-10-06T15:19:05.018Z] > command requires scopes: ["email","openid","https://www.googleapis.com/auth/cloudplatformprojects.readonly","https://www.googleapis.com/auth/firebase","https://www.googleapis.com/auth/cloud-platform"]
[debug] [2026-10-06T15:19:05.019Z] > authorizing via signed-in user (nirmalasawarkar59@gmail.com)
[debug] [2026-10-06T15:19:05.019Z] [iam] checking project photos-mvp for permissions ["firebase.projects.get","firebasehosting.sites.update"]
[debug] [2026-10-06T15:19:05.043Z] Checked if tokens are valid: true, expires at: 1791302618803
[debug] [2026-10-06T15:19:05.043Z] Checked if tokens are valid: true, expires at: 1791302618803
[debug] [2026-10-06T15:19:05.044Z] >>> [apiv2][query] POST https://cloudresourcemanager.googleapis.com/v1/projects/photos-mvp:testIamPermissions [none]
[debug] [2026-10-06T15:19:05.044Z] >>> [apiv2][(partial)header] POST https://cloudresourcemanager.googleapis.com/v1/projects/photos-mvp:testIamPermissions  x-goog-user-project=photos-mvp
[debug] [2026-10-06T15:19:05.044Z] >>> [apiv2][body] POST https://cloudresourcemanager.googleapis.com/v1/projects/photos-mvp:testIamPermissions {"permissions":["firebase.projects.get","firebasehosting.sites.update"]}
[debug] [2026-10-06T15:19:08.452Z] <<< [apiv2][status] POST https://cloudresourcemanager.googleapis.com/v1/projects/photos-mvp:testIamPermissions 403
[debug] [2026-10-06T15:19:08.453Z] <<< [apiv2][body] POST https://cloudresourcemanager.googleapis.com/v1/projects/photos-mvp:testIamPermissions {"error":{"code":403,"message":"Caller does not have required permission to use project photos-mvp. Grant the caller the roles/serviceusage.serviceUsageConsumer role, or a custom role with the serviceusage.services.use permission, by visiting https://console.developers.google.com/iam-admin/iam?project=photos-mvp and then retry. Propagation of the new permission may take a few minutes.","status":"PERMISSION_DENIED","details":[{"@type":"type.googleapis.com/google.rpc.ErrorInfo","reason":"USER_PROJECT_DENIED","domain":"googleapis.com","metadata":{"service":"cloudresourcemanager.googleapis.com","consoleUrl":"https://console.developers.google.com/iam-admin/iam?project=photos-mvp","consumer":"projects/photos-mvp","containerInfo":"photos-mvp"}},{"@type":"type.googleapis.com/google.rpc.LocalizedMessage","locale":"en-US","message":"Caller does not have required permission to use project photos-mvp. Grant the caller the roles/serviceusage.serviceUsageConsumer role, or a custom role with the serviceusage.services.use permission, by visiting https://console.developers.google.com/iam-admin/iam?project=photos-mvp and then retry. Propagation of the new permission may take a few minutes."},{"@type":"type.googleapis.com/google.rpc.Help","links":[{"description":"Google developer console IAM admin","url":"https://console.developers.google.com/iam-admin/iam?project=photos-mvp"}]}]}}
[debug] [2026-10-06T15:19:08.455Z] [iam] error while checking permissions, command may fail: Request to https://cloudresourcemanager.googleapis.com/v1/projects/photos-mvp:testIamPermissions had HTTP Error: 403, Caller does not have required permission to use project photos-mvp. Grant the caller the roles/serviceusage.serviceUsageConsumer role, or a custom role with the serviceusage.services.use permission, by visiting https://console.developers.google.com/iam-admin/iam?project=photos-mvp and then retry. Propagation of the new permission may take a few minutes.
[debug] [2026-10-06T15:19:08.457Z] Checked if tokens are valid: true, expires at: 1791302618803
[debug] [2026-10-06T15:19:08.458Z] Checked if tokens are valid: true, expires at: 1791302618803
[debug] [2026-10-06T15:19:08.460Z] >>> [apiv2][query] GET https://firebase.googleapis.com/v1beta1/projects/photos-mvp [none]
[debug] [2026-10-06T15:19:09.058Z] <<< [apiv2][status] GET https://firebase.googleapis.com/v1beta1/projects/photos-mvp 403
[debug] [2026-10-06T15:19:09.058Z] <<< [apiv2][body] GET https://firebase.googleapis.com/v1beta1/projects/photos-mvp {"error":{"code":403,"message":"The caller does not have permission","status":"PERMISSION_DENIED"}}
[debug] [2026-10-06T15:19:09.059Z] Request to https://firebase.googleapis.com/v1beta1/projects/photos-mvp had HTTP Error: 403, The caller does not have permission
[debug] [2026-10-06T15:19:09.064Z] FirebaseError: Request to https://firebase.googleapis.com/v1beta1/projects/photos-mvp had HTTP Error: 403, The caller does not have permission
    at responseToError (C:\Users\pc\AppData\Roaming\npm\node_modules\firebase-tools\lib\responseToError.js:53:12)
    at RetryOperation._fn (C:\Users\pc\AppData\Roaming\npm\node_modules\firebase-tools\lib\apiv2.js:415:77)
    at process.processTicksAndRejections (node:internal/process/task_queues:104:5)
[error] 
[error] Error: Failed to get Firebase project photos-mvp. Please make sure the project exists and your account has permission to access it.
